// Jest Snapshot v1, https://goo.gl/fbAQLP

exports[`renders correctly 1`] = `
<div
  className="NotFound"
>
  <div
    className="container-fluid"
  >
    <h1>
      Page Not Found
    </h1>
  </div>
</div>
`;
