// Jest Snapshot v1, https://goo.gl/fbAQLP

exports[`renders correctly 1`] = `
<button
  className="list-group-item"
  onClick={[Function]}
>
  item title
</button>
`;
