// Jest Snapshot v1, https://goo.gl/fbAQLP

exports[`renders correctly 1`] = `
<div
  className="About"
>
  <div
    className="container-fluid"
  >
    <p>
      This project has been made during a TailorDev Academy session in order to learn React and its ecosystem.
    </p>
  </div>
</div>
`;
